./backslash.py:1:11: ICL121 Implicitly concatenated str literals in list literal over multiple lines.
