./set.py:1:11: ICL321 Implicitly concatenated str literals in set literal over multiple lines.
./set.py:2:11: ICL321 Implicitly concatenated str literals in set literal over multiple lines.
./set.py:3:11: ICL321 Implicitly concatenated str literals in set literal over multiple lines.
