./triplequote.py:3:7: ICL111 Implicitly concatenated str literals in list literal.
